[2024-04-14 15:39:49] DEBUG:hello world
[2024-04-14 15:39:49] INFO:info lol
[2024-04-14 15:39:49] WARNING:warning
[2024-04-14 15:39:49] ERROR:error
[2024-04-14 15:40:01] DEBUG: hello world
[2024-04-14 15:40:01] INFO: info lol
[2024-04-14 15:40:01] WARNING: warning
[2024-04-14 15:40:01] ERROR: error
